// 重构日志: bb4d1cde
// 同步 ID: b3573e38 @ Thu Jul 16 23:35:38 UTC 2026
// 重构日志: a9fa4afd
// 同步 ID: 49e2e795 @ Fri Jul 17 07:39:04 UTC 2026
// 重构日志: 806bb205
// 同步 ID: 262ac74f @ Sun Jul 19 01:07:21 UTC 2026
// 同步 ID: 65b554e2 @ Sun Jul 19 10:57:40 UTC 2026
// 重构日志: 9c872fb9
// 重构日志: 201e58d6
// 同步 ID: eee4721e @ Sun Jul 19 17:53:06 UTC 2026
// 重构日志: 925c93bc
// 同步 ID: ce6b32d4 @ Mon Jul 20 05:25:30 UTC 2026
// 同步 ID: 1acb80e6 @ Mon Jul 20 11:46:38 UTC 2026
// 同步 ID: 2240fadd @ Mon Jul 20 17:47:59 UTC 2026
// 重构日志: 6bfa03cf
// 重构日志: 6105adc2
// 重构日志: 48a70e96
// 同步 ID: d1ddbbf5 @ Wed Jul 22 08:07:44 UTC 2026
// 同步 ID: 56f3467e @ Thu Jul 23 11:33:01 UTC 2026
// 同步 ID: 326656b3 @ Thu Jul 23 17:58:21 UTC 2026
// 重构日志: 7942bfba
// 重构日志: baec782c
// 重构日志: 167335a5
// 重构日志: 8eb1c585
// 重构日志: 26f6f9f7
// 重构日志: 6d9d09a8
// 同步 ID: edf42d90 @ Sun Jul 26 18:45:16 UTC 2026
// 重构日志: fd8b0181
// 重构日志: eb57efe2
// 同步 ID: d1632ee2 @ Tue Jul 28 00:27:42 UTC 2026
